#-----------------------------------------------------------
# Vivado v2023.2 (64-bit)
# SW Build 4029153 on Fri Oct 13 20:14:34 MDT 2023
# IP Build 4028589 on Sat Oct 14 00:45:43 MDT 2023
# SharedData Build 4025554 on Tue Oct 10 17:18:54 MDT 2023
# Start of session at: Sat Nov  9 11:25:03 2024
# Process ID: 18468
# Current directory: D:/Semester1/CEG5203/workspace/project-fpga/vivado2023/ceg5203_project.runs/design_1_sobel_hls_0_0_synth_1
# Command line: vivado.exe -log design_1_sobel_hls_0_0.vds -product Vivado -mode batch -messageDb vivado.pb -notrace -source design_1_sobel_hls_0_0.tcl
# Log file: D:/Semester1/CEG5203/workspace/project-fpga/vivado2023/ceg5203_project.runs/design_1_sobel_hls_0_0_synth_1/design_1_sobel_hls_0_0.vds
# Journal file: D:/Semester1/CEG5203/workspace/project-fpga/vivado2023/ceg5203_project.runs/design_1_sobel_hls_0_0_synth_1\vivado.jou
# Running On: THX_HP, OS: Windows, CPU Frequency: 1996 MHz, CPU Physical cores: 12, Host memory: 33622 MB
#-----------------------------------------------------------
source design_1_sobel_hls_0_0.tcl -notrace
