#-----------------------------------------------------------
# Vivado v2023.2 (64-bit)
# SW Build 4029153 on Fri Oct 13 20:14:34 MDT 2023
# IP Build 4028589 on Sat Oct 14 00:45:43 MDT 2023
# SharedData Build 4025554 on Tue Oct 10 17:18:54 MDT 2023
# Start of session at: Sat Nov  2 14:33:10 2024
# Process ID: 17548
# Current directory: D:/Semester1/CEG5203/workspace/project-fpga/vivado2023
# Command line: vivado.exe -gui_launcher_event rodinguilauncherevent22684 D:\Semester1\CEG5203\workspace\project-fpga\vivado2023\ceg5203_project.xpr
# Log file: D:/Semester1/CEG5203/workspace/project-fpga/vivado2023/vivado.log
# Journal file: D:/Semester1/CEG5203/workspace/project-fpga/vivado2023\vivado.jou
# Running On: THX_HP, OS: Windows, CPU Frequency: 1996 MHz, CPU Physical cores: 12, Host memory: 33622 MB
#-----------------------------------------------------------
start_gui
open_project D:/Semester1/CEG5203/workspace/project-fpga/vivado2023/ceg5203_project.xpr
update_compile_order -fileset sources_1
open_bd_design {D:/Semester1/CEG5203/workspace/project-fpga/vivado2023/ceg5203_project.srcs/sources_1/bd/design_1/design_1.bd}
validate_bd_design -force
make_wrapper -files [get_files D:/Semester1/CEG5203/workspace/project-fpga/vivado2023/ceg5203_project.srcs/sources_1/bd/design_1/design_1.bd] -top
reset_run synth_1
launch_runs impl_1 -to_step write_bitstream -jobs 6
wait_on_run impl_1
open_run impl_1
write_hw_platform -fixed -include_bit -force -file D:/Semester1/CEG5203/workspace/project-fpga/vivado2023/design_1_wrapper.xsa
